// Jest Snapshot v1, https://goo.gl/fbAQLP

exports[`Balance has a valid snapshot 1`] = `
<div
  className="sc-bdVaJa hEVXOE"
>
  Balance: 
  â‚¬
  5.00
</div>
`;
