// Jest Snapshot v1, https://goo.gl/fbAQLP

exports[`Main has a valid snapshot 1`] = `
<div
  className="sc-bdVaJa ehbYjZ"
>
  <div
    className="sc-iwsKbI gpzLhp"
  >
    <span
      aria-hidden={true}
      className="fa fa-exclamation-triangle fa-2x"
      style={
        Object {
          "color": "red",
          "cursor": "pointer",
          "display": "none",
          "position": "absolute",
          "right": "20px",
          "top": "20px",
        }
      }
      title={null}
    />
    <div
      className="sc-bwzfXH MKmUa"
    >
      <div
        className={undefined}
        name="fromCurrency"
        style={
          Object {
            "backgroundColor": "transparent",
            "cursor": "not-allowed",
            "display": "inline-block",
            "fontFamily": "Roboto, sans-serif",
            "fontSize": 16,
            "height": 48,
            "lineHeight": "24px",
            "muiPrepared": true,
            "position": "relative",
            "transition": "height 200ms cubic-bezier(0.23, 1, 0.32, 1) 0ms",
            "width": 256,
          }
        }
      >
        <div
          style={
            Object {
              "bottom": 12,
              "color": "rgba(0, 0, 0, 0.3)",
              "muiPrepared": true,
              "opacity": 0,
              "position": "absolute",
              "transition": "all 450ms cubic-bezier(0.23, 1, 0.32, 1) 0ms",
            }
          }
        >
           
        </div>
        <div
          className={undefined}
          id="fromCurrency"
          onBlur={[Function]}
          onChange={[Function]}
          onFocus={[Function]}
          style={
            Object {
              "WebkitOpacity": 1,
              "WebkitTapHighlightColor": "rgba(0,0,0,0)",
              "backgroundColor": "rgba(0,0,0,0)",
              "border": "none",
              "color": "rgba(0, 0, 0, 0.3)",
              "cursor": "inherit",
              "display": "block",
              "font": "inherit",
              "fontFamily": "Roboto, sans-serif",
              "fontSize": 15,
              "height": "100%",
              "muiPrepared": true,
              "outline": "none",
              "padding": 0,
              "position": "relative",
              "transition": "all 450ms cubic-bezier(0.23, 1, 0.32, 1) 0ms",
              "width": "100%",
            }
          }
        >
          <div
            onClick={[Function]}
            style={
              Object {
                "cursor": "not-allowed",
                "height": "100%",
                "muiPrepared": true,
                "position": "relative",
                "width": "100%",
              }
            }
          >
            <div
              style={
                Object {
                  "boxSizing": "border-box",
                  "content": "' '",
                  "display": "table",
                  "muiPrepared": true,
                }
              }
            />
            <div
              style={
                Object {
                  "color": "rgba(0, 0, 0, 0.3)",
                  "fontSize": "30px",
                  "height": "56px",
                  "lineHeight": "56px",
                  "muiPrepared": true,
                  "opacity": 1,
                  "overflow": "hidden",
                  "paddingLeft": 0,
                  "paddingRight": 56,
                  "position": "relative",
                  "textOverflow": "ellipsis",
                  "top": -4,
                  "whiteSpace": "nowrap",
                }
              }
            >
              EUR
            </div>
            <button
              disabled={true}
              onBlur={[Function]}
              onClick={[Function]}
              onFocus={[Function]}
              onKeyDown={[Function]}
              onKeyUp={[Function]}
              onMouseEnter={[Function]}
              onMouseLeave={[Function]}
              onMouseOut={[Function]}
              onTouchStart={[Function]}
              style={
                Object {
                  "WebkitTapHighlightColor": "rgba(0, 0, 0, 0)",
                  "background": "none",
                  "border": 10,
                  "boxSizing": "border-box",
                  "cursor": "default",
                  "display": "inline-block",
                  "fill": "#e0e0e0",
                  "fontFamily": "Roboto, sans-serif",
                  "fontSize": 0,
                  "fontWeight": "inherit",
                  "height": 48,
                  "margin": 0,
                  "muiPrepared": true,
                  "outline": "none",
                  "overflow": "visible",
                  "padding": 12,
                  "position": "absolute",
                  "right": 0,
                  "textDecoration": "none",
                  "top": 0,
                  "transition": "all 450ms cubic-bezier(0.23, 1, 0.32, 1) 0ms",
                  "verticalAlign": null,
                  "width": 48,
                }
              }
              tabIndex={-1}
              type="button"
            >
              <svg
                onMouseEnter={[Function]}
                onMouseLeave={[Function]}
                style={
                  Object {
                    "color": "rgba(0, 0, 0, 0.3)",
                    "cursor": "default",
                    "display": "inline-block",
                    "fill": "rgba(0, 0, 0, 0.3)",
                    "height": 24,
                    "muiPrepared": true,
                    "transition": "all 450ms cubic-bezier(0.23, 1, 0.32, 1) 0ms",
                    "userSelect": "none",
                    "width": 24,
                  }
                }
                viewBox="0 0 24 24"
              >
                <path
                  d="M7 10l5 5 5-5z"
                />
              </svg>
            </button>
            <div
              style={
                Object {
                  "borderTop": "none",
                  "bottom": 1,
                  "left": 0,
                  "margin": "-1px 24px",
                  "muiPrepared": true,
                  "position": "absolute",
                  "right": 0,
                }
              }
            />
            <div
              style={
                Object {
                  "boxSizing": "border-box",
                  "clear": "both",
                  "content": "' '",
                  "display": "table",
                  "muiPrepared": true,
                }
              }
            />
          </div>
          <div
            style={
              Object {
                "display": "none",
              }
            }
          />
        </div>
        <div>
          <hr
            aria-hidden="true"
            style={
              Object {
                "borderBottomStyle": "dotted",
                "borderBottomWidth": 2,
                "borderColor": "rgba(0, 0, 0, 0.3)",
                "borderLeft": "none",
                "borderRight": "none",
                "borderTop": "none",
                "bottom": 8,
                "boxSizing": "content-box",
                "margin": 0,
                "muiPrepared": true,
                "position": "absolute",
                "width": "100%",
              }
            }
          />
          <hr
            aria-hidden="true"
            style={
              Object {
                "borderBottomStyle": "solid",
                "borderBottomWidth": 2,
                "borderColor": "#00bcd4",
                "borderLeft": "none",
                "borderRight": "none",
                "borderTop": "none",
                "bottom": 8,
                "boxSizing": "content-box",
                "margin": 0,
                "muiPrepared": true,
                "position": "absolute",
                "transform": "scaleX(0)",
                "transition": "all 450ms cubic-bezier(0.23, 1, 0.32, 1) 0ms",
                "width": "100%",
              }
            }
          />
        </div>
      </div>
      <input
        className="sc-bZQynM cJWkqu"
        disabled={true}
        min="0"
        name="fromValue"
        onChange={[Function]}
        placeholder="0"
        type="number"
        value={-1}
      />
    </div>
    <div
      className="sc-gzVnrw kDpknI"
    >
      Balance: 
      â‚¬
      0.00
    </div>
    <div
      className="sc-htoDjs lezqkm"
    >
      <div>
        <span
          aria-hidden={true}
          className="fa fa-circle-o-notch fa-spin"
        />
      </div>
    </div>
  </div>
  <div
    className="sc-gZMcBi dPQFrM"
  >
    <div
      className="sc-bwzfXH MKmUa"
    >
      <div
        className={undefined}
        name="toCurrency"
        style={
          Object {
            "backgroundColor": "transparent",
            "cursor": "not-allowed",
            "display": "inline-block",
            "fontFamily": "Roboto, sans-serif",
            "fontSize": 16,
            "height": 48,
            "lineHeight": "24px",
            "muiPrepared": true,
            "position": "relative",
            "transition": "height 200ms cubic-bezier(0.23, 1, 0.32, 1) 0ms",
            "width": 256,
          }
        }
      >
        <div
          style={
            Object {
              "bottom": 12,
              "color": "rgba(0, 0, 0, 0.3)",
              "muiPrepared": true,
              "opacity": 0,
              "position": "absolute",
              "transition": "all 450ms cubic-bezier(0.23, 1, 0.32, 1) 0ms",
            }
          }
        >
           
        </div>
        <div
          className={undefined}
          id="toCurrency"
          onBlur={[Function]}
          onChange={[Function]}
          onFocus={[Function]}
          style={
            Object {
              "WebkitOpacity": 1,
              "WebkitTapHighlightColor": "rgba(0,0,0,0)",
              "backgroundColor": "rgba(0,0,0,0)",
              "border": "none",
              "color": "rgba(0, 0, 0, 0.3)",
              "cursor": "inherit",
              "display": "block",
              "font": "inherit",
              "fontFamily": "Roboto, sans-serif",
              "fontSize": 15,
              "height": "100%",
              "muiPrepared": true,
              "outline": "none",
              "padding": 0,
              "position": "relative",
              "transition": "all 450ms cubic-bezier(0.23, 1, 0.32, 1) 0ms",
              "width": "100%",
            }
          }
        >
          <div
            onClick={[Function]}
            style={
              Object {
                "cursor": "not-allowed",
                "height": "100%",
                "muiPrepared": true,
                "position": "relative",
                "width": "100%",
              }
            }
          >
            <div
              style={
                Object {
                  "boxSizing": "border-box",
                  "content": "' '",
                  "display": "table",
                  "muiPrepared": true,
                }
              }
            />
            <div
              style={
                Object {
                  "color": "rgba(0, 0, 0, 0.3)",
                  "fontSize": "30px",
                  "height": "56px",
                  "lineHeight": "56px",
                  "muiPrepared": true,
                  "opacity": 1,
                  "overflow": "hidden",
                  "paddingLeft": 0,
                  "paddingRight": 56,
                  "position": "relative",
                  "textOverflow": "ellipsis",
                  "top": -4,
                  "whiteSpace": "nowrap",
                }
              }
            >
              GBP
            </div>
            <button
              disabled={true}
              onBlur={[Function]}
              onClick={[Function]}
              onFocus={[Function]}
              onKeyDown={[Function]}
              onKeyUp={[Function]}
              onMouseEnter={[Function]}
              onMouseLeave={[Function]}
              onMouseOut={[Function]}
              onTouchStart={[Function]}
              style={
                Object {
                  "WebkitTapHighlightColor": "rgba(0, 0, 0, 0)",
                  "background": "none",
                  "border": 10,
                  "boxSizing": "border-box",
                  "cursor": "default",
                  "display": "inline-block",
                  "fill": "#e0e0e0",
                  "fontFamily": "Roboto, sans-serif",
                  "fontSize": 0,
                  "fontWeight": "inherit",
                  "height": 48,
                  "margin": 0,
                  "muiPrepared": true,
                  "outline": "none",
                  "overflow": "visible",
                  "padding": 12,
                  "position": "absolute",
                  "right": 0,
                  "textDecoration": "none",
                  "top": 0,
                  "transition": "all 450ms cubic-bezier(0.23, 1, 0.32, 1) 0ms",
                  "verticalAlign": null,
                  "width": 48,
                }
              }
              tabIndex={-1}
              type="button"
            >
              <svg
                onMouseEnter={[Function]}
                onMouseLeave={[Function]}
                style={
                  Object {
                    "color": "rgba(0, 0, 0, 0.3)",
                    "cursor": "default",
                    "display": "inline-block",
                    "fill": "rgba(0, 0, 0, 0.3)",
                    "height": 24,
                    "muiPrepared": true,
                    "transition": "all 450ms cubic-bezier(0.23, 1, 0.32, 1) 0ms",
                    "userSelect": "none",
                    "width": 24,
                  }
                }
                viewBox="0 0 24 24"
              >
                <path
                  d="M7 10l5 5 5-5z"
                />
              </svg>
            </button>
            <div
              style={
                Object {
                  "borderTop": "none",
                  "bottom": 1,
                  "left": 0,
                  "margin": "-1px 24px",
                  "muiPrepared": true,
                  "position": "absolute",
                  "right": 0,
                }
              }
            />
            <div
              style={
                Object {
                  "boxSizing": "border-box",
                  "clear": "both",
                  "content": "' '",
                  "display": "table",
                  "muiPrepared": true,
                }
              }
            />
          </div>
          <div
            style={
              Object {
                "display": "none",
              }
            }
          />
        </div>
        <div>
          <hr
            aria-hidden="true"
            style={
              Object {
                "borderBottomStyle": "dotted",
                "borderBottomWidth": 2,
                "borderColor": "rgba(0, 0, 0, 0.3)",
                "borderLeft": "none",
                "borderRight": "none",
                "borderTop": "none",
                "bottom": 8,
                "boxSizing": "content-box",
                "margin": 0,
                "muiPrepared": true,
                "position": "absolute",
                "width": "100%",
              }
            }
          />
          <hr
            aria-hidden="true"
            style={
              Object {
                "borderBottomStyle": "solid",
                "borderBottomWidth": 2,
                "borderColor": "#00bcd4",
                "borderLeft": "none",
                "borderRight": "none",
                "borderTop": "none",
                "bottom": 8,
                "boxSizing": "content-box",
                "margin": 0,
                "muiPrepared": true,
                "position": "absolute",
                "transform": "scaleX(0)",
                "transition": "all 450ms cubic-bezier(0.23, 1, 0.32, 1) 0ms",
                "width": "100%",
              }
            }
          />
        </div>
      </div>
      <input
        className="sc-bZQynM ksAmJg"
        disabled={true}
        min="0"
        name="toValue"
        onChange={[Function]}
        placeholder="0"
        type="number"
        value={2}
      />
    </div>
    <div
      className="sc-gzVnrw kDpknI"
    >
      Balance: 
      Â£
      15.00
    </div>
    <button
      className="sc-EHOje loVsjv"
      disabled={true}
      onClick={[Function]}
    >
      Exchange
    </button>
  </div>
</div>
`;
